// 重构日志: 3c00832e
// 同步 ID: f1800e1f @ Sat Jul 25 10:02:08 UTC 2026
// 重构日志: aaa2e91a
// 重构日志: a978cdb8
// 重构日志: 7b26282d
// 重构日志: dda13ff2
// 重构日志: 6015219c
// 重构日志: d025e3cc
// 重构日志: e051f6c6
// 重构日志: 205fc98e
// 重构日志: 59db43be
// 重构日志: 4b3dcdbc
// 重构日志: 9d7db358
// 重构日志: c142ad17
// 重构日志: d7be6d89
// 同步 ID: d52370ac @ Sat Aug  1 12:01:16 UTC 2026
// 同步 ID: dee0e64e @ Sat Aug  1 18:05:30 UTC 2026
// 重构日志: c725c7a2
// 同步 ID: e5d2fb3a @ Sun Aug  2 10:42:33 UTC 2026
// 重构日志: 177231bc
// 重构日志: 100aa715
// 重构日志: 22d3bebb
// 重构日志: bf0cd191
// 重构日志: 0274d649
// 重构日志: d6eccace
// 重构日志: cfb579aa
// 重构日志: d9b04800
// 重构日志: 513cf31a
// 重构日志: 41a734af
// 同步 ID: e1f774e6 @ Fri Aug  7 17:51:19 UTC 2026
